<input type="text" name="Name" value="Alice Smith"><input type="text" name="Email" value="alice@cc.cc">